5  49  274
3  9   21
12  12  25
0  0  0
5  4  30

