5  49  274  /Users/cdurkin/Desktop/WC_Tests/wc_testone.txt
3  9   21   /Users/cdurkin/Desktop/WC_Tests/wc_testtwo.txt
12  12  25  /Users/cdurkin/Desktop/WC_Tests/wc_testthree.txt
0  0  0  /Users/cdurkin/Desktop/WC_Tests/wc_testfour.txt
5  4  30  /Users/cdurkin/Desktop/WC_Tests/wc_testfive.txt

